{
  "version": "1.5.0",
  "plugins_used": [
    {
      "name": "ArtifactoryDetector"
    },
    {
      "name": "AWSKeyDetector"
    },
    {
      "name": "AzureStorageKeyDetector"
    },
    {
      "name": "Base64HighEntropyString",
      "limit": 4.5
    },
    {
      "name": "BasicAuthDetector"
    },
    {
      "name": "CloudantDetector"
    },
    {
      "name": "DiscordBotTokenDetector"
    },
    {
      "name": "GitHubTokenDetector"
    },
    {
      "name": "GitLabTokenDetector"
    },
    {
      "name": "HexHighEntropyString",
      "limit": 3.0
    },
    {
      "name": "IbmCloudIamDetector"
    },
    {
      "name": "IbmCosHmacDetector"
    },
    {
      "name": "IPPublicDetector"
    },
    {
      "name": "JwtTokenDetector"
    },
    {
      "name": "KeywordDetector",
      "keyword_exclude": ""
    },
    {
      "name": "MailchimpDetector"
    },
    {
      "name": "NpmDetector"
    },
    {
      "name": "OpenAIDetector"
    },
    {
      "name": "PrivateKeyDetector"
    },
    {
      "name": "PypiTokenDetector"
    },
    {
      "name": "SendGridDetector"
    },
    {
      "name": "SlackDetector"
    },
    {
      "name": "SoftlayerDetector"
    },
    {
      "name": "SquareOAuthDetector"
    },
    {
      "name": "StripeDetector"
    },
    {
      "name": "TelegramBotTokenDetector"
    },
    {
      "name": "TwilioKeyDetector"
    }
  ],
  "filters_used": [
    {
      "path": "detect_secrets.filters.allowlist.is_line_allowlisted"
    },
    {
      "path": "detect_secrets.filters.common.is_baseline_file",
      "filename": ".secrets.baseline"
    },
    {
      "path": "detect_secrets.filters.heuristic.is_indirect_reference"
    },
    {
      "path": "detect_secrets.filters.heuristic.is_likely_id_string"
    },
    {
      "path": "detect_secrets.filters.heuristic.is_lock_file"
    },
    {
      "path": "detect_secrets.filters.heuristic.is_not_alphanumeric_string"
    },
    {
      "path": "detect_secrets.filters.heuristic.is_potential_uuid"
    },
    {
      "path": "detect_secrets.filters.heuristic.is_prefixed_with_dollar_sign"
    },
    {
      "path": "detect_secrets.filters.heuristic.is_sequential_string"
    },
    {
      "path": "detect_secrets.filters.heuristic.is_swagger_file"
    },
    {
      "path": "detect_secrets.filters.heuristic.is_templated_secret"
    }
  ],
  "results": {
    ".env.example": [
      {
        "type": "Basic Auth Credentials",
        "filename": ".env.example",
        "hashed_secret": "03cbcb57035fa158e3e4fc34280757a1d65ab432",
        "is_verified": false,
        "line_number": 10
      }
    ],
    ".gitlab-ci.yml": [
      {
        "type": "Secret Keyword",
        "filename": ".gitlab-ci.yml",
        "hashed_secret": "03cbcb57035fa158e3e4fc34280757a1d65ab432",
        "is_verified": false,
        "line_number": 57
      }
    ],
    "backend/migrations/versions/20260801_53718c4e5f6d_add_unique_index_for_active_crawl_job.py": [
      {
        "type": "Hex High Entropy String",
        "filename": "backend/migrations/versions/20260801_53718c4e5f6d_add_unique_index_for_active_crawl_job.py",
        "hashed_secret": "9c1d1f81cd5939398ca7115386f1d20a3b1524a5",
        "is_verified": false,
        "line_number": 16
      }
    ],
    "backend/migrations/versions/20260801_8964b9951fb0_add_article_registrations.py": [
      {
        "type": "Hex High Entropy String",
        "filename": "backend/migrations/versions/20260801_8964b9951fb0_add_article_registrations.py",
        "hashed_secret": "08f12eefbf73f0887736f8781fe4657da6db5871",
        "is_verified": false,
        "line_number": 15
      }
    ],
    "backend/migrations/versions/20260801_a1b73920442c_add_article_analysis_columns.py": [
      {
        "type": "Hex High Entropy String",
        "filename": "backend/migrations/versions/20260801_a1b73920442c_add_article_analysis_columns.py",
        "hashed_secret": "6dc8cbe0c0c93d54cceea57baf6c51e762c3eefc",
        "is_verified": false,
        "line_number": 16
      }
    ],
    "backend/migrations/versions/20260801_e540cb265493_add_embedding_body_hash.py": [
      {
        "type": "Hex High Entropy String",
        "filename": "backend/migrations/versions/20260801_e540cb265493_add_embedding_body_hash.py",
        "hashed_secret": "029ea42630309f5498470297f0b299cbb3d57fc3",
        "is_verified": false,
        "line_number": 16
      }
    ],
    "backend/migrations/versions/20260801_f3a9c1d4b8e6_add_article_duplicate_columns.py": [
      {
        "type": "Hex High Entropy String",
        "filename": "backend/migrations/versions/20260801_f3a9c1d4b8e6_add_article_duplicate_columns.py",
        "hashed_secret": "57add8c4aeb87bfc63b383502dcba34e9a6a48a8",
        "is_verified": false,
        "line_number": 16
      }
    ],
    "backend/migrations/versions/20260802_18647ccf00d9_add_unique_index_for_active_rebuild_.py": [
      {
        "type": "Hex High Entropy String",
        "filename": "backend/migrations/versions/20260802_18647ccf00d9_add_unique_index_for_active_rebuild_.py",
        "hashed_secret": "220274339e48539e8da421973be8429f00e14f9e",
        "is_verified": false,
        "line_number": 16
      }
    ],
    "backend/migrations/versions/20260802_c7f21d0be4a3_add_recommendation_runs_indexes.py": [
      {
        "type": "Hex High Entropy String",
        "filename": "backend/migrations/versions/20260802_c7f21d0be4a3_add_recommendation_runs_indexes.py",
        "hashed_secret": "025078e28c54df2278724c87df5bfd8d5bd8b866",
        "is_verified": false,
        "line_number": 15
      }
    ],
    "backend/migrations/versions/20260803_3f0a5c9d21b4_add_user_source_preferences.py": [
      {
        "type": "Hex High Entropy String",
        "filename": "backend/migrations/versions/20260803_3f0a5c9d21b4_add_user_source_preferences.py",
        "hashed_secret": "4d7958d311b50ab0fae040a4a06d0c7bdef66fe6",
        "is_verified": false,
        "line_number": 15
      }
    ],
    "backend/migrations/versions/20260803_5b2e7c04af19_add_articles_news_event_id.py": [
      {
        "type": "Hex High Entropy String",
        "filename": "backend/migrations/versions/20260803_5b2e7c04af19_add_articles_news_event_id.py",
        "hashed_secret": "0d99b16cde528013b849ee87f154bee16b72b3a0",
        "is_verified": false,
        "line_number": 15
      }
    ],
    "backend/tests/test_cleanup_test_databases.py": [
      {
        "type": "Basic Auth Credentials",
        "filename": "backend/tests/test_cleanup_test_databases.py",
        "hashed_secret": "9d4e1e23bd5b727046a9e3b4b7db57bd8d6ee684",
        "is_verified": false,
        "line_number": 284
      }
    ],
    "backend/tests/test_collectors_brave.py": [
      {
        "type": "Secret Keyword",
        "filename": "backend/tests/test_collectors_brave.py",
        "hashed_secret": "2e7a7ee14caebf378fc32d6cf6f557f347c96773",
        "is_verified": false,
        "line_number": 54
      }
    ],
    "backend/tests/test_config.py": [
      {
        "type": "Basic Auth Credentials",
        "filename": "backend/tests/test_config.py",
        "hashed_secret": "9d4e1e23bd5b727046a9e3b4b7db57bd8d6ee684",
        "is_verified": false,
        "line_number": 186
      }
    ],
    "backend/tests/test_llm_hardening.py": [
      {
        "type": "Basic Auth Credentials",
        "filename": "backend/tests/test_llm_hardening.py",
        "hashed_secret": "e5e9fa1ba31ecd1ae84f75caaa474f3a663f05f4",
        "is_verified": false,
        "line_number": 130
      }
    ],
    "backend/tests/test_recommendation_ranking.py": [
      {
        "type": "GitHub Token",
        "filename": "backend/tests/test_recommendation_ranking.py",
        "hashed_secret": "e4055de792e64bf8433b9c794f2611cb65f4c487",
        "is_verified": false,
        "line_number": 234
      }
    ],
    "backend/tests/test_recommendation_service.py": [
      {
        "type": "GitHub Token",
        "filename": "backend/tests/test_recommendation_service.py",
        "hashed_secret": "e4055de792e64bf8433b9c794f2611cb65f4c487",
        "is_verified": false,
        "line_number": 500
      }
    ]
  },
  "generated_at": "2026-08-13T13:37:52Z"
}
